../Core/Src/functions.c:10:5:_write	4	static,ignoring_inline_asm
../Core/Src/functions.c:19:6:generateStep	32	static
../Core/Src/functions.c:41:7:readHall_L	16	static
../Core/Src/functions.c:48:8:readHall_R	16	static
../Core/Src/functions.c:55:8:decodeHall	12	static
../Core/Src/functions.c:106:6:newdecodeHall	16	static
../Core/Src/functions.c:166:6:updateOutput_L	8	static
../Core/Src/functions.c:187:6:updateOutput_R	8	static
../Core/Src/functions.c:222:9:calculateSpeed	0	static
../Core/Src/functions.c:238:6:writeCommand_L	0	static
../Core/Src/functions.c:254:6:writeCommand_R	0	static
../Core/Src/functions.c:270:6:PIDS_Prop	8	static
../Core/Src/functions.c:295:6:parseurSpeed	24	static
